
> noteflow-repository@1.0.0 test:v4
> node --test .agents/scripts/*.test.mjs

✔ comparison rejects identity differences without explicit comparability reasons (5.5991ms)
✔ comparison keeps per-case coverage and unverified quality separate (0.7181ms)
✔ normalization rejects malformed bundles and the compare CLI emits JSON only (1049.4952ms)
✔ L/M/H candidate bundle and fault guards use isolated fixtures without Story lifecycle mutation (1075.8095ms)
✔ R02 regression: missing case results are UNKNOWN and never synthesize PASS (1347.2578ms)
✔ R02 regression: unbound evidence is inconclusive even when raw labels say PASS (1.6039ms)
✔ R02 regression: contradictory checks and tampered raw evidence cannot become quality PASS (22.326ms)
✔ R04 regression: instruction metrics require one shared basis and are not multiplied by L/M/H rows (1.3907ms)
✔ R02 regression: evolution rejects empty caller usage and missing evidence binding (0.8437ms)
✔ ready canonical Story is valid and completion-only sections are optional (7.2966ms)
✔ unmarked requirement prose is rejected instead of silently omitted from digest (0.5347ms)
✔ missing Story (0.308ms)
✔ missing AC (0.2361ms)
✔ duplicate AC (0.3136ms)
✔ missing Tasks (0.2836ms)
✔ duplicate Task (0.2421ms)
✔ unknown Task AC (0.2458ms)
✔ AC text changes normative digest (0.6795ms)
✔ Task text changes normative digest (0.6887ms)
✔ Task AC mapping changes normative digest (0.4701ms)
✔ readiness dependency changes normative digest (0.4824ms)
✔ normative architecture reference changes normative digest (0.4392ms)
✔ Status does not change normative digest (0.4361ms)
✔ Task checkbox does not change normative digest (0.4176ms)
✔ Completion Notes does not change normative digest (0.3429ms)
✔ File List does not change normative digest (0.3364ms)
✔ Change Log does not change normative digest (0.3538ms)
✔ AC evidence/results does not change normative digest (0.335ms)
✔ safe line endings and trailing whitespace do not change digest (0.4149ms)
✔ Markdown indentation inside narrative remains normative (0.4192ms)
✔ multiple architecture references remain valid and normative (0.4532ms)
✔ one Task to one slice, one Task to many slices, and many Tasks to one slice (0.81ms)
✔ unknown task ref (1.3311ms)
✔ uncovered Task (0.4266ms)
✔ cyclic dependency (0.3244ms)
✔ valid dependency chain passes (0.3238ms)
✔ valid receipt binds to checkpoint and referenced content (4.802ms)
✔ wrong story ID (4.0431ms)
✔ wrong slice ID (3.7987ms)
✔ wrong checkpoint SHA (3.8735ms)
✔ wrong changed path digest (7.4093ms)
✔ missing required identity (13.355ms)
✔ tampered referenced receipt digest fails (7.1587ms)
✔ receipt binding survives Git line-ending conversion (14.4365ms)
✔ receipt detail changes never alter Story normative digest (8.9337ms)
✔ happy FRESH case (2205.8176ms)
✔ wrong current slice is blocked (2491.7723ms)
✔ wrong next action is blocked (2592.9607ms)
✔ invalid lifecycle or execution state is blocked (2779.4205ms)
✔ blocker present is blocked (3656.9879ms)
✔ unresolved question present is blocked (3190.9507ms)
✔ pending dependency is not eligible (2589.5445ms)
✔ reviewed dependency is eligible (3051.8935ms)
✔ verified progression-eligible dependency without required review is eligible (3742.08ms)
✔ verified dependency with unsatisfied required review is blocked (2580.9123ms)
✔ relevant staged path is blocked (3015.5999ms)
✔ relevant unstaged path is blocked (4141.2864ms)
✔ relevant untracked path is blocked (3784.6564ms)
✔ exact explicitly accepted unrelated noise is excluded (4727.1809ms)
✔ Git inventory failure returns ERROR and never claims completeness (3925.157ms)
✔ malformed Plan propagates INVALID (3423.8753ms)
✔ missing requested slice is INVALID (2687.2971ms)
✔ RECONCILIATION_REQUIRED is propagated (3180.3104ms)
✔ STALE is propagated (4259.1941ms)
✔ RESUME_WORKTREE requires exact explicit resume scope (4815.1591ms)
✔ CHECKPOINT_UNRECORDED requires an explicit exact checkpoint candidate (4244.5013ms)
✔ PLAN_UPDATE_PENDING detects a matching uncommitted Plan-only mutation (4295.5863ms)
✔ COMPLETE detects committed checkpoint metadata and never requests implementation (5392.198ms)
✔ helper is read-only (3424.8141ms)
✔ valid checkpoint slice is ready for rerunning legacy focused evidence (3646.8105ms)
✔ legacy baseline is derived from a checkpoint single parent (4040.1714ms)
✔ persisted baseline is preferred (5286.1142ms)
✔ merge checkpoint without persisted baseline is blocked (4880.4186ms)
✔ missing checkpoint is blocked (2209.8526ms)
✔ checkpoint that is not an ancestor is stale (5813.0559ms)
✔ changed paths are derived exactly and sorted (4176.6122ms)
✔ path canonicalization normalizes, deduplicates, and sorts (0.3268ms)
✔ changed path digest is stable (0.6242ms)
✔ persisted changed path allowlist exact match passes (5935.8452ms)
✔ persisted allowlist missing a path is blocked (6960.1865ms)
✔ persisted allowlist with an extra path is blocked (6694.64ms)
✔ post-checkpoint implementation drift is stale (4988.1793ms)
✔ staged implementation drift is blocked (5593.2384ms)
✔ unstaged implementation drift is blocked (7692.8057ms)
✔ relevant untracked drift is blocked (4234.0793ms)
✔ unrelated untracked file does not stale the slice (3843.5571ms)
✔ source digest is fresh (4749.7623ms)
✔ changed Story source digest is stale (4965.8485ms)
✔ persisted reference digest is verified (4520.4299ms)
✔ persisted reference digest mismatch is stale (4450.4003ms)
✔ legacy summary evidence requires rerun (5195.4672ms)
✔ structured immutable evidence is reusable (3938.0623ms)
✔ environment-sensitive evidence without identity requires rerun (3695.7019ms)
✔ structured evidence that contradicts the checkpoint is blocked (3613.6709ms)
✔ matching reviewed commit is a freshness candidate pending checks (4142.79ms)
✔ reviewed commit mismatch makes review stale (4086.5578ms)
✔ risk context structural mismatch makes review stale (4430.2999ms)
✔ helper performs no mutation (5031.0404ms)
✔ structured approval input is explicit and generic continuation is rejected (1.7634ms)
✔ approval record binds the complete exact review snapshot without account identity (2.2772ms)
✔ completion gate API is read-only and exposes the exact preview for a fixture root (7.8548ms)
✔ review without approval is BLOCKED but emits the exact Human Gate preview (10083.7497ms)
✔ durable exact approval is READY for completion and generic continuation cannot create it (19248.5281ms)
✔ disclosures must be acknowledged and remain BLOCKED (24274.7778ms)
✔ missing finalization receipt blocks completion (10655.7777ms)
✔ Story-only done projection requires reconciliation (12858.6133ms)
✔ Plan-only done projection requires reconciliation (13074.516ms)
✔ sprint-only done projection requires reconciliation (12300.0653ms)
✔ approval story digest mismatch is stale (15623.6353ms)
✔ approval receipt digest mismatch is stale (18685.4038ms)
✔ approval Done Gate digest mismatch is stale (16768.8601ms)
✔ approval scope digest mismatch is stale (15706.3311ms)
✔ approval approved review HEAD mismatch is stale (16109.1675ms)
✔ approval approved HEAD mismatch is stale (12148.5356ms)
✔ approval in an uncommitted Plan is only an approval preview (11900.616ms)
✔ product drift after durable approval is stale (11968.0608ms)
✔ uncommitted product drift after durable approval is stale (11561.5256ms)
✔ exact-scope multi-path review evidence keeps completion at the Human Gate (7199.969ms)
✔ review receipt with missing evidence refs fails closed (7155.7263ms)
✔ review receipt with missing risk context fails closed (6782.9608ms)
✔ review receipt with missing scope digest fails closed (6650.5538ms)
✔ review receipt with stale risk context fails closed (6275.5664ms)
✔ review receipt with stale scope digest fails closed (5708.885ms)
✔ review receipt with tampered evidence body digest fails closed (5673.4983ms)
✔ review receipt with duplicated evidence hunk fails closed (6115.447ms)
✔ review receipt with reordered multi-path evidence fails closed (7977.831ms)
✔ review receipt with partial multi-path evidence fails closed (6883.2072ms)
✔ review receipt with cross-scope evidence fails closed (5150.5186ms)
✔ review receipt edited after Plan binding fails closed (5674.9108ms)
✔ terminal Story stays healthy after an integration merge and is evaluated at its completion commit (29107.7283ms)
✔ terminal Story metadata edited after completion is stale even behind a merge (28854.0547ms)
✔ uncommitted terminal Plan edits are stale and a wrong expected head is reported (34640.1961ms)
✔ terminal check at the completion commit itself keeps the direct parent-chain binding (26020.6176ms)
✔ finalization helper is present and read-only (1.9495ms)
✔ Human Gate remains explicit and bound to immutable scope evidence (4.3559ms)
✔ V4 runner enables finalization only through the Human Gate (1.2584ms)
✔ artifact contract records disclosure and lifecycle authority (0.5023ms)
✔ clean reviewed fixture is READY with a compact preview (5361.3179ms)
✔ canonical disclosures produce READY with READY_WITH_DISCLOSURES without relabeling (6232.0292ms)
✔ all slices must be reviewed (6884.6662ms)
✔ progression false blocks finalization (7070.8504ms)
✔ blockers and unresolved questions block finalization (6197.1876ms)
✔ unresolved questions block finalization (9165.0995ms)
✔ missing verification receipt is blocked (10068.7097ms)
✔ missing implementation receipt is blocked (6456.42ms)
✔ missing required review receipt is blocked (10154.0298ms)
✔ review verdict and blocking findings are enforced (5939.4817ms)
✔ stale review freshness blocks finalization (6418.2487ms)
✔ missing canonical disclosure blocks finalization (7224.4738ms)
✔ receipt digest tamper is STALE (5189.3194ms)
✔ structured AC evidence covers every AC (6914.5833ms)
✔ legacy focused evidence fallback is labeled (5800.71ms)
✔ uncovered AC blocks finalization (5180.5344ms)
✔ duplicate paths across ordered slices are deduplicated and later Story slice owns them (7505.584ms)
✔ outside-Story product drift is STALE (6939.6094ms)
✔ working tree drift on final scope is STALE (8053.1608ms)
✔ explicit unrelated pycache noise does not affect scope readiness (8430.5786ms)
✔ normative Story digest freshness is enforced (7205.7439ms)
✔ unsupported Plan schema is INVALID (5816.6343ms)
✔ upstream Epic section freshness is enforced (6003.5151ms)
✔ uncommitted completion metadata is a repairable partial transition (5565.678ms)
✔ finalization candidate without Plan advance is a repairable partial transition (5038.2178ms)
✔ Plan review with sprint in-progress requires reconciliation (6191.3935ms)
✔ sprint review with Plan in-progress requires reconciliation (4807.7562ms)
✔ review state without a finalization receipt is invalid (6394.3343ms)
✔ stale Human approval is rejected by scope binding (4271.7535ms)
✔ Plan/sprint/story done mismatch fails closed (4205.5239ms)
✔ finalization helper is read-only and does not create a candidate receipt (5431.7154ms)
✔ scope digests are stable across repeated read-only checks (6430.8909ms)
✔ schema-v2 fixture is READY with disclosures at finalization entry state (5156.132ms)
✔ kernel-produced judgment and ordered evidence prove review freshness (3913.7047ms)
✔ validated canonical recipe provenance infers applicability without relabeling INCOMPLETE (3872.9878ms)
✔ CRLF-only Epic checkout representation remains fresh against the canonical Git blob (3947.8907ms)
✔ conflicting kernel judgment and legacy verdict reject idempotently without finalization mutation (6870.2151ms)
✔ valid READY fixture (1574.8844ms)
✔ schema-v2 fixture remains readable before finalization (2647.7444ms)
✔ unsupported schema (1757.9633ms)
✔ story ID mismatch (1911.6384ms)
✔ missing Plan (1150.8063ms)
✔ missing source (2466.9605ms)
✔ changed source digest (2875.1373ms)
✔ malformed source digest (1981.0801ms)
✔ missing sprint key (1714.4809ms)
✔ snapshot mismatch (1825.5304ms)
✔ invalid current slice (2217.9343ms)
✔ missing dependency (2403.4811ms)
✔ cyclic dependencies (2365.6453ms)
✔ missing checkpoint (1841.4157ms)
✔ missing reviewed commit (1627.0845ms)
✔ checkpoint not ancestor of HEAD (4743.071ms)
✔ complete with pending slice (2786.2794ms)
✔ complete execution may await review lifecycle reconciliation (2867.6674ms)
✔ forbidden V3 runtime state (3332.1349ms)
✔ supported action plan_slice (3138.5893ms)
✔ supported action implement_slice (2867.9649ms)
✔ supported action verify_slice (2096.2845ms)
✔ supported action review_slice (2001.88ms)
✔ supported action resolve_blocker (2139.05ms)
✔ supported action reconcile_lifecycle (2933.3163ms)
✔ supported action request_gate (3273.7288ms)
✔ supported action finalize_story (3432.1801ms)
✔ schema-v1 complete_story remains unsupported (2726.879ms)
✔ unknown action (1941.8404ms)
✔ canonical slice statuses are accepted (12205.0145ms)
✔ legacy in-progress slice status is accepted only by the schema-v1 verification bridge (2143.1394ms)
✔ legacy in-progress slice status is rejected outside the exact bridge (2252.824ms)
✔ unknown slice status is rejected (1776.798ms)
✔ structured verification fields remain schema-v1 compatible (1624.7599ms)
✔ malformed structured verification fields are rejected (1697.6686ms)
✔ routes mapped-only, unmapped-only, and mixed scope without dropping changed paths (624.3398ms)
✔ aggregates multiple recipes, preserves raw recipe output, and deduplicates shared checks (380.669ms)
✔ dependency-only changes trigger affected recipes but never count as covered (316.7382ms)
✔ invalid registry and execution failures remain errors or failures (622.424ms)
✔ legacy challenge-list selection remains available through the registry contract (307.0151ms)
✔ projects only the selected slice with provenance and explicit unknown scope (3884.9311ms)
✔ dependency dispositions are projected without loading historical receipt detail (2840.7451ms)
✔ fail-closed cases never return a READY projection (3597.4093ms)
✔ completion transaction exports the bounded approval and completion interfaces (1.2216ms)
✔ completion preparation fails closed outside a repository (7.6932ms)
✔ exact structured approval is durable and stops before complete_story (19301.2634ms)
✔ generic continuation cannot create approval or execute completion (12755.9537ms)
✔ fresh approval permits exactly review to done and preserves immutable evidence (55592.3128ms)
✔ complete_story is idempotently terminal and does not create a second commit (41615.7024ms)
✔ tampered finalization receipt fails closed after approval (25613.0972ms)
✔ separated pending Plan validates and implementation starts FRESH (2330.7713ms)
✔ Plan v2: invalid Story contract (1825.7635ms)
✔ Plan v2: wrong Story ID (1737.3929ms)
✔ Plan v2: normative digest mismatch (1704.594ms)
✔ Plan v2: nonexistent task ref (1834.7463ms)
✔ Plan v2: uncovered Task (2103.7971ms)
✔ Plan v2: cyclic slices (2492.1528ms)
✔ Plan v2: unknown schema (1844.777ms)
✔ Plan v2: mixed schema (1762.0508ms)
✔ Plan v2: completion edit has READY freshness (1549.1685ms)
✔ Plan v2: status edit has READY freshness (1881.2362ms)
✔ Plan v2: task checkbox edit has READY freshness (2268.8542ms)
✔ Plan v2: AC text edit has STALE freshness (2236.9816ms)
✔ Plan v2: Task semantics edit has STALE freshness (1959.5443ms)
✔ Plan v2: checkpoint requires implementation receipt (2646.9812ms)
✔ Plan v2: tampered receipt digest is STALE (3901.2532ms)
✔ Plan v2: checkpoint subject digest remains separate from Story normative digest (3567.543ms)
✔ Plan v2: malformed slice and blocker shapes are INVALID (2722.6786ms)
✔ Plan v2: null receipt document is INVALID (4615.4075ms)
✔ Plan v2: malformed receipt command is INVALID (4901.6972ms)
✔ implementation v2: checkpointed receipt is COMPLETE (5200.9487ms)
✔ verification v2: checkpoint without verification receipt requires rerun (8019.6683ms)
✔ implementation v2: relevant dirty path blocks (5073.062ms)
✔ implementation v2: exact explicit resume succeeds (3107.9433ms)
✔ implementation v2: unrelated noise requires explicit exclusion (3905.3378ms)
✔ implementation v2: blocker blocks pending slice (3098.0235ms)
✔ implementation v2: checkpoint receipt mismatch fails closed (5013.4961ms)
✔ verification v2: fresh verification receipt can be reused (6156.5422ms)
✔ verification v2: normative Story edit is STALE (4807.5652ms)
✔ verification v2: completion edit does not invalidate checkpoint (7112.311ms)
✔ verification v2: post-checkpoint implementation drift is STALE (5266.1635ms)
✔ verification v2: receipt tamper is STALE (5218.7382ms)
✔ verification v2: wrong checkpoint binding fails closed (6016.3949ms)
✔ Plan v2: verified slice requires verification receipt (2541.0755ms)
✔ implementation v2: reviewed dependency is eligible (5021.0688ms)
✔ implementation v2: verified dependency is eligible (5731.6165ms)
✔ Plan v2: tampered current dependency receipt is STALE (5687.578ms)
✔ implementation v2: explicit checkpoint candidate stays CHECKPOINT_UNRECORDED (3334.4259ms)
✔ implementation v2: Plan and bound receipt update is PLAN_UPDATE_PENDING (4975.577ms)
✔ receipt digest is stable and excludes approval (2.3156ms)
✔ finalization disposition preserves disclosure semantics (0.2524ms)
✔ completion renderer labels fallback evidence and canonical disclosure separately (0.9303ms)
✔ receipt validator rejects approval and mismatched bindings (0.865ms)
✔ schema-v2 review state validates finalization receipt and complete_story successor (2722.3742ms)
✔ Git timeout diagnostics preserve timeout phase, status, signal and subprocess output (2.6812ms)
✔ healthy committed review without approval is HUMAN_GATE_PENDING (2463.6667ms)
✔ uncommitted Story transition is UNCOMMITTED_FINALIZATION (1739.7865ms)
✔ Story-only partial is classified without cleanup (2610.0773ms)
✔ Plan-only partial is classified without cleanup (3355.446ms)
✔ sprint-only partial is classified without cleanup (3140.8206ms)
✔ orphan receipt is classified without deletion (2295.9605ms)
✔ committed receipt tamper is detected (3090.456ms)
✔ uncommitted durable approval bytes are APPROVAL_PREVIEW_ONLY (3529.4355ms)
✔ durable approval with review projections is APPROVAL_DURABLE_PENDING_COMPLETION (3805.5853ms)
✔ Story-only done projection is PARTIAL_STORY_ONLY (3195.3276ms)
✔ Plan-only done projection is PARTIAL_PLAN_ONLY (4631.436ms)
✔ sprint-only done projection is PARTIAL_SPRINT_ONLY (4724.9277ms)
✔ stale approval is classified without repair (5557.5715ms)
✔ fully consistent done projections are terminal healthy (6023.0195ms)
✔ preview preserves normative Story digest and derives File List from helper scope (5625.7993ms)
✔ Git add failure retains subprocess diagnostics rather than reporting a scope mismatch (21367.5007ms)
✔ NUL-delimited Git path parsing preserves Unicode, quotes and embedded newlines (1.4782ms)
✔ prepare is read-only and wrong expected HEAD is rejected (17167.8916ms)
✔ finalization writes exact paths in one commit and stops at Human Gate (24708.5189ms)
✔ recovery prepare is read-only, LF/CRLF projection is proven and apply consumes unchanged candidates once (63333.8068ms)
✔ recovery rejects fingerprint preserving HEAD/index/files/locks (20010.5659ms)
✔ recovery rejects cross-story preserving HEAD/index/files/locks (19183.1804ms)
✔ recovery rejects executor preserving HEAD/index/files/locks (17087.6251ms)
✔ recovery rejects candidate-tamper preserving HEAD/index/files/locks (16467.9271ms)
✔ recovery rejects extra-path preserving HEAD/index/files/locks (16010.8167ms)
✔ recovery rejects index-drift preserving HEAD/index/files/locks (15187.2935ms)
✔ recovery rejects index-lock preserving HEAD/index/files/locks (13749.9098ms)
✔ recovery rejects foreign-lock preserving HEAD/index/files/locks (12821.9088ms)
✔ recovery rejects idle preserving HEAD/index/files/locks (10680.2573ms)
✔ recovery rejects receipt-tamper preserving HEAD/index/files/locks (13821.584ms)
✔ recovery rejects scope-omission preserving HEAD/index/files/locks (11788.5788ms)
✔ recovery rejects stale-head preserving HEAD/index/files/locks (11288.6084ms)
✔ recovery projection rejects a re-signed candidate and executor code drift before mutation (6971.1154ms)
✔ recovery preserves canonical INCOMPLETE and explicit manual NOT_RUN disclosure (25855.6564ms)
✔ recovery binds D original and rework implementations without inventing historical verification (36385.2883ms)
✔ recovery interruption at LOCKED resumes explicitly without duplicate commit (31494.7196ms)
✔ recovery interruption at STAGED resumes explicitly without duplicate commit (27960.2799ms)
✔ recovery interruption at COMMITTING resumes explicitly without duplicate commit (28742.3448ms)
✔ recovery interruption at COMMIT_RETURNED resumes explicitly without duplicate commit (23217.6366ms)
✔ recovery interruption at COMMITTED resumes explicitly without duplicate commit (22160.1932ms)
✔ explicit retry rejects staged-drift preserving the partial journal and owned lock (18721.7117ms)
✔ explicit retry rejects unbound-staging preserving the partial journal and owned lock (18644.558ms)
✔ explicit retry rejects journal-tamper preserving the partial journal and owned lock (13162.4224ms)
✔ prepare rejects product drift hidden by an assume-unchanged index flag (3077.8182ms)
✔ R04 reads raw Git blobs, counts duplicate paths once, and preserves UTF-8/CRLF byte counts (5966.4553ms)
✔ R04 missing required sources are INCONCLUSIVE instead of zero bytes (6050.3588ms)
✔ R04 rejects unresolved revisions and invalid input identity (2483.9823ms)
✔ R04 distinguishes a triggered lazy source from an untriggered optional source (7386.6525ms)
✔ R04 preserves a real zero-byte measurement instead of treating it as missing (2872.7502ms)
✔ tracked modified text remains reviewable (2508.8836ms)
✔ tracked deletion remains reviewable (2420.3026ms)
✔ unchanged tracked path retains no-change outcome (1725.7341ms)
✔ new untracked text is an added delta without changing the index (2105.4114ms)
✔ new untracked text over line budget yields complete bounded evidence (2162.6574ms)
✔ newline marker remains with its preceding record at a chunk boundary (2409.189ms)
✔ tracked oversized hunk and tampered unit sequences are rejected (2332.3401ms)
✔ multiple hunks on one oversized path retain complete ordered coverage (2189.0994ms)
✔ more than six hunks and oversized multi-path groups yield complete ordered evidence sets (10303.2074ms)
✔ duplicate requested paths are rejected instead of silently deduplicated (1944.3469ms)
✔ evidence sets enforce a bounded path count (2430.9937ms)
✔ multi-path evidence generation is idempotent and never mutates the index or commits (10405.3993ms)
✔ new empty text file still has an added file delta (1905.8849ms)
✔ valid dot-prefixed name remains inside the repository (2509.9894ms)
✔ new untracked binary is unsupported (2596.6531ms)
✔ nonexistent path retains unsupported outcome (2892.7948ms)
✔ path traversal is rejected (1886.9491ms)
✔ explicit pair remains reviewable (3346.8694ms)
✔ backlog to in-progress preview is read only (3374.2039ms)
✔ backlog to ready-for-dev allowed (4885.2575ms)
✔ ready-for-dev to in-progress allowed (5111.2572ms)
✔ in-progress to review with complete gates (5990.5667ms)
✔ review to done requires human approval (3930.6944ms)
✔ same state no change (3318.9296ms)
✔ same-state apply creates no lifecycle commit (4517.5638ms)
✔ reverse transition needs human (3044.9553ms)
✔ done cannot advance (3315.989ms)
✔ unknown state invalid (2488.8793ms)
✔ missing Story invalid (1994.8535ms)
✔ stale source digest rejected (2805.2358ms)
✔ active V3 pointer blocks preview (1930.1092ms)
✔ missing checkpoint reference blocks preview (3123.9066ms)
✔ sprint snapshot mismatch classified (2395.5021ms)
✔ expected from mismatch (2442.7757ms)
✔ expected HEAD mismatch (2268.17ms)
✔ plan hash mismatch (2203.454ms)
✔ sprint hash mismatch (1708.9065ms)
✔ dirty index (2853.8147ms)
✔ unrelated tracked worktree change (3541.1916ms)
✔ parent backlog planned for in-progress (4086.9757ms)
✔ parent in-progress unchanged (3158.8951ms)
✔ parent done requires human (2948.5809ms)
✔ product blocker prevents in-progress (3142.2114ms)
✔ invalid successor action (2908.4943ms)
✔ apply commits exactly two files and preserves other semantic fields (8089.7835ms)
✔ backlog to in-progress uses the exact canonical commit message (9260.6155ms)
✔ in-progress to review uses the exact canonical commit message (9201.0827ms)
✔ arbitrary validated Story ID formats deterministically (8164.6061ms)
✔ failure before write changes nothing (6171.4892ms)
✔ first write failure rolls back unchanged target (5859.6649ms)
✔ concurrent edit prevents rollback overwrite (5652.3703ms)
✔ both writes before commit failure remain recoverable (7631.3405ms)
✔ partial Plan only is classified without mutation (2138.6619ms)
✔ conflicting edit is classified without overwrite (1815.8856ms)
✔ untracked unrelated file is never staged or committed (6909.5681ms)
✔ R03 runner executes actual L/M/H scenarios and records bound evidence (46237.1809ms)
✔ R03 CLI rejects a source-head mismatch before creating evidence (461.8146ms)
✔ check is read-only and start commits exactly three lifecycle files without implementation (14762.4583ms)
✔ ready-for-dev projection also starts through Runner with explicit fingerprint (22376.1414ms)
✔ start rejects active runtime without writing (2683.3992ms)
✔ start rejects unapproved planning without writing (6239.2288ms)
✔ start rejects wrong approval digest without writing (5865.482ms)
✔ start rejects readiness absent without writing (7300.5419ms)
✔ start rejects unfinished dependency without writing (7946.4612ms)
✔ start rejects unknown dependency without writing (5164.6284ms)
✔ start rejects duplicate dependency without writing (7412.3312ms)
✔ start rejects product blocker without writing (6019.7577ms)
✔ start rejects unresolved question without writing (6311.0849ms)
✔ start rejects started slice without writing (5726.499ms)
✔ start rejects checkpoint field without writing (2940.7662ms)
✔ start rejects review metadata without writing (6168.5117ms)
✔ start rejects orphan receipt without writing (5037.2156ms)
✔ start rejects current slice has prerequisites without writing (6667.0415ms)
✔ start rejects completion approval without writing (2747.9778ms)
✔ start rejects story lifecycle differs without writing (4226.188ms)
✔ start rejects epic changed without writing (5540.6339ms)
✔ start rejects task already checked without writing (4313.6807ms)
✔ stale HEAD, digest, index, and dirty artifacts cannot be excluded (9757.5444ms)
✔ only exact unrelated untracked noise can be excluded and it stays uncommitted (8311.3534ms)
✔ excluded unrelated noise is content-bound across the start transaction (6999.2206ms)
✔ failed commit preserves partial transaction and lock; retry cannot overwrite it (6536.8605ms)
✔ an existing lock from another invocation is never removed (1076.0833ms)
✔ commit hook cannot silently change a dependency in the approved lifecycle transaction (6693.2845ms)
✔ commit hook changes outside the preview remain recoverable instead of reporting STARTED (8065.5611ms)
✔ partial Story write with a retained transaction lock blocks automatic recovery (1060.5644ms)
✔ Runner in linked worktree uses canonical pointer and rejects a stale local IDLE copy (4460.0811ms)
✔ upstream Epic must be committed even when an ignored local copy matches its digest (2226.1853ms)
✔ separate committed executor repairs a legacy staged checkpoint only through explicit bounded Runner recovery (56327.7833ms)
✔ staged recovery binds authority, evidence, executor and target without rejection writes (158094.4617ms)
✔ bounded Runner retries its own partial metadata AFTER_WRITE, rejects foreign metadata and never duplicates commits (33623.4903ms)
✔ bounded Runner retries its own partial metadata AFTER_FIRST_METADATA_WRITE, rejects foreign metadata and never duplicates commits (32754.0878ms)
✔ schema v2 commits implementation then Plan plus receipt (9490.3746ms)
✔ schema v1 metadata commit is Plan-only (10421.3371ms)
✔ stale worktree/policy and wrong identity fail closed (7667.0024ms)
✔ same-scope lock blocks concurrent invocation (4660.3172ms)
✔ metadata cannot smuggle a completion or finalization authority (991.5528ms)
✔ commit-1 failure preserves journal and explicit recovery finishes without replay (14117.9437ms)
✔ metadata write failure preserves the partial Plan and requires recovery (8513.3478ms)
✔ mixed approval input cannot authorize implementation (3239.6573ms)
✔ creates a synthetic canonical fixture without touching the caller checkout (1175.603ms)
✔ creates a linked worktree with a distinct canonical root and an IDLE pointer (2266.3353ms)
✔ fixture states preserve the one-action boundary and explicit Human Gate (5204.5752ms)
✔ baseline guards expose stale source, wrong slice, and staged-scope drift (3475.9155ms)
✔ corpus scenarios are stable and separated by risk and coverage class (2.2115ms)
✔ baseline bundles keep usage unknown and preserve source/instruction provenance (1.0316ms)
✔ executes argv directly, handles spaces/Unicode, and records redacted provenance (931.4521ms)
✔ nonzero checks are FAIL, fabricated summaries are not reusable, and learned commands never run (272.0806ms)
✔ rejects traversal, unavailable executables, and timeouts without PASS (77.9944ms)
﹣ rejects symlinked cwd or referenced paths (7.8806ms) # symlink creation is unavailable in this Windows test environment
✔ subject drift and unsupported Node range make evidence non-reusable (292.9306ms)
✔ normal-action context keeps the compact routing and invariant contract (4.4919ms)
✔ projection preserves selected requirements and fail-closed freshness after context compaction (3332.2319ms)
✔ one observation without a trigger is recorded but yields NO_CANDIDATE (2805.1837ms)
✔ repeated issue creates at most three bounded candidates and never applies one (1537.1522ms)
✔ reflection and output budgets fail closed (2314.1866ms)
✔ candidate scope and stale baseline/evidence are rejected without product mutation (1951.9703ms)
✔ evaluation separates deterministic evidence, missing measurements, and self-rating (1362.7273ms)
✔ adoption validation requires exact human-bound candidate/evaluation/scope (1477.7007ms)
✔ extracts a narrow verified fact with source identity and retrieves it in scope (3085.343ms)
✔ source or relevant path drift makes experience stale and excludes it (3467.8755ms)
✔ risk, path, and current-head mismatch do not inject advisory memory (4166.6729ms)
✔ selection is capped at three whole entries and six KiB with provenance intact (11291.0605ms)
✔ unsafe hypothesis remains a rejected candidate and never becomes executable input (3479.2248ms)
✔ context exposes experience only as advisory data and does not alter authorization (6295.0946ms)
✔ kernel review judgment is accepted and contradictory legacy verdict is rejected (3.0424ms)
✔ review freshness requires exact checkpoint, risk binding and ordered evidence scope (2.7547ms)
✔ historical receipt kinds follow immutable attempt status (0.522ms)
✔ canonical applicability is inferred only from complete validated recipe provenance (0.5123ms)
✔ review receipt dialect separates schema 2, bound schema 1 and legacy schema 1 receipts (0.5526ms)
✔ legacy review freshness still binds approval, checkpoint, risk and declared freshness (0.4272ms)
✔ real action, check, and context paths emit bounded provenance events (8151.9551ms)
✔ hook IDs are idempotent while a new attempt can create a new event (10070.1363ms)
✔ session checkpoints stay PARTIAL/UNKNOWN and close does not claim provider session truth (3650.0134ms)
✔ review snapshot requires real finalization and completed event requires fresh approval (3526.211ms)
✔ records one immutable event, repeats are NOOP, and conflicting payloads are rejected (6363.1524ms)
✔ usage normalization keeps unknown values explicit and does not double-count parent exports or reasoning subsets (4783.6605ms)
✔ summary preserves measured, partial, and unknown coverage without making lifecycle decisions (5698.148ms)
✔ rejects traversal, foreign repository, secrets, oversized payloads, and malformed usage (6806.2938ms)
✔ write failures report a coverage gap and never mutate the runtime pointer (2346.3331ms)
✔ CLI records normalized events and summarizes by Story (4950.9231ms)
✔ rework is append-only, creates attempt identity, and never runs the successor (26112.6958ms)
✔ the next implementation binds to the new receipt path and attempt id (38447.9631ms)
✔ rework rejects cross identity, stale fingerprint, dirty scope, and foreign lock without mutation (50310.2193ms)
✔ rework cannot approve or move to E and interruption retry does not duplicate metadata commits (20282.2673ms)
✔ Runner accepts rework only as an explicit maintenance action and stops before implementation (16412.6509ms)
✔ finalization scope includes the original implementation attempt (3609.1269ms)
✔ transaction stages and commits exact implementation and metadata scopes (11403.2295ms)
✔ failure before metadata commit preserves exact partial state and explicit recovery finishes it (10622.0754ms)
✔ failure after stage leaves the index and lock for inspection (5349.9358ms)
✔ a pre-commit hook that adds scope is detected after commit instead of being trusted (8674.1469ms)
✔ transaction identity is per repository/worktree/action/slice scope (2260.5862ms)
✔ Git canonical CRLF blob identity does not reject legitimate exact staging (10189.1814ms)
✔ canonical staging supports LF without rewriting working bytes (8582.948ms)
✔ canonical staging supports mixed EOL without rewriting working bytes (7788.7492ms)
✔ canonical staging supports binary without rewriting working bytes (8737.3562ms)
✔ canonical staging supports explicit CRLF checkout without rewriting working bytes (7143.515ms)
✔ explicit staged recovery consumes the existing index and preserves original journal audit (20161.2002ms)
✔ staged recovery retry is idempotent after interruption BEFORE_COMMIT1 (20822.1508ms)
✔ staged recovery retry is idempotent after interruption AFTER_COMMIT1_BEFORE_JOURNAL (17889.4635ms)
✔ staged recovery retry is idempotent after interruption AFTER_COMMIT1 (20488.9478ms)
✔ staged recovery retry is idempotent after interruption AFTER_WRITE (17252.5561ms)
✔ staged recovery retry is idempotent after interruption AFTER_METADATA_STAGE (18042.3817ms)
✔ staged recovery retry is idempotent after interruption AFTER_COMMIT2_BEFORE_JOURNAL (17405.0323ms)
✔ staged recovery retry is idempotent after interruption AFTER_COMMIT2_HOOK (17434.159ms)
✔ staged recovery retry is idempotent after interruption AFTER_COMPLETE_BEFORE_RELEASE (18737.164ms)
✔ staged recovery rejects and preserves all state on missing explicit authorization (5820.1516ms)
✔ staged recovery rejects and preserves all state on cross Story (5293.7352ms)
✔ staged recovery rejects and preserves all state on cross slice (5434.8273ms)
✔ staged recovery rejects and preserves all state on raw byte drift (5679.1191ms)
✔ staged recovery rejects and preserves all state on index blob drift (8074.672ms)
✔ staged recovery rejects and preserves all state on index mode drift (7825.4497ms)
✔ staged recovery rejects and preserves all state on scope drift (6305.9643ms)
✔ staged recovery rejects and preserves all state on HEAD drift (5685.3266ms)
✔ staged recovery rejects and preserves all state on foreign lock (4261.818ms)
✔ staged recovery rejects and preserves all state on journal drift (6684.5119ms)
✔ staged recovery rejects and preserves all state on Git config drift (5301.4264ms)
✔ staged recovery rejects and preserves all state on Git attribute drift (4525.7048ms)
✔ staged recovery rejects and preserves all state on metadata already written (6490.4662ms)
✔ external clean filters fail closed without executing the configured command (1094.2581ms)
✔ metadata-only external filter rejects staged recovery before any mutation (2885.3059ms)
✔ raw byte freshness still rejects changed EOL even when canonical blobs are equal (2756.1774ms)
✔ interrupted recovery rejects metadata index mode drift without restaging user state (10478.3423ms)
✔ fresh start routes only a ready preview and stops before implementing its successor (21.2749ms)
✔ finalize_story is authorized only for READY in-progress story state (0.2624ms)
✔ finalize_story rejects helper BLOCKED (0.1787ms)
✔ finalize_story rejects helper STALE (0.1673ms)
✔ finalize_story rejects helper INVALID (0.1444ms)
✔ complete_story is enabled only with a fresh durable approval (0.2018ms)
✔ generic continuation is never an explicit approval intent (0.2864ms)
✔ complete_story without approval is blocked and returns the exact preview (0.2969ms)
✔ complete_story rejects non-review lifecycle and wrong next action (7056.9833ms)
✔ Runner approval flag is one durable action and the next invocation completes (46895.9229ms)
✔ Runner does not invoke the kernel without an explicit current implement action (5224.9929ms)
✔ Runner refuses a Story action outside the linked worktree that owns the Story branch (7038.3236ms)
✔ LOW PASS runs canonical and focused checks then persists only verification metadata (40325.2705ms)
✔ HIGH PASS stops at REVIEW_REQUIRED with immutable pending evidence and no commit (24247.4793ms)
✔ same-Lead APPROVE requires exact bounded evidence and persists verification plus review receipts (34314.0256ms)
✔ same-Lead APPROVE accepts one ordered evidence set covering five changed paths (33249.7066ms)
✔ CHANGES_REQUIRED blocks and stale policy rejects continuation without mutation (23872.5919ms)
✔ NEED_MORE_EVIDENCE permits one bounded round and rejects a second round (23445.1798ms)
✔ verification metadata recovery resumes an interrupted commit without replay (24224.8717ms)
✔ wrong verification successor is rejected before creating a transaction or lock (20495.9548ms)
✔ verification recovery resumes after-write without regenerating evidence (26694.35ms)
✔ verification recovery resumes after-metadata-stage without regenerating evidence (25227.3876ms)
✔ interrupted metadata recovery rejects a changed receipt and preserves partial state (17805.701ms)
✔ Runner retires only the unwritten legacy transaction and preserves its journal and lock evidence (12682.5748ms)
✔ unwritten retirement rejects wrong-checkpoint without changing recovery evidence (8242.3717ms)
✔ unwritten retirement rejects foreign-lock without changing recovery evidence (8347.5957ms)
✔ unwritten retirement rejects dirty-product without changing recovery evidence (8196.4917ms)
✔ unwritten retirement rejects dirty-metadata without changing recovery evidence (8381.9988ms)
✔ unwritten retirement rejects staged-work without changing recovery evidence (7769.7639ms)
✔ unwritten retirement rejects non-idle without changing recovery evidence (6907.0585ms)
✔ retirement binds maintenance changes and rejects a stale preview (10947.7017ms)
✔ retirement resumes interrupted owned-lock archival without replacing evidence (10835.3963ms)
✔ kernel-written review receipts round-trip through the finalization gate (20599.5434ms)
ℹ tests 533
ℹ suites 0
ℹ pass 532
ℹ fail 0
ℹ cancelled 0
ℹ skipped 1
ℹ todo 0
ℹ duration_ms 571781.3822
